// Jest Snapshot v1, https://goo.gl/fbAQLP

exports[`Header component render should render component 1`] = `
<div>
  <header
    class="ant-layout-header"
  >
    <div>
      All locations
    </div>
    <div>
      Acme locations
    </div>
  </header>
</div>
`;
